2026-07-21 16:42:51 | Text: /start
2026-07-21 16:42:57 | Text: /start
2026-07-21 16:43:00 | Text: 能量租赁
2026-07-21 16:43:05 | Text: 飞机号发卡网
2026-07-21 16:43:09 | Text: 飞机会员星星
2026-07-21 16:43:25 | Text: 飞机会员星星
2026-07-21 16:44:26 | Text: 飞机会员星星
2026-07-21 16:44:27 | Text: /start
2026-07-21 17:38:04 | Received: 飞机号发卡网
2026-07-21 17:38:07 | Received: 能量租赁
2026-07-21 17:38:10 | Received: 飞机会员星星
2026-07-21 17:38:12 | Received: 联系客服
2026-07-21 17:38:22 | Received: /start
2026-07-21 17:46:23 | Received: 能量租赁
2026-07-21 17:46:27 | Received: 飞机号发卡网
2026-07-21 17:47:19 | Received: 能量租赁
2026-07-21 17:48:19 | Received: 能量租赁
2026-07-21 17:48:26 | Received: 飞机号发卡网
2026-07-21 17:59:42 | Received: /start
2026-07-21 18:00:07 | Received: 飞机号发卡网
2026-07-21 18:01:07 | Received: 飞机号发卡网
2026-07-21 18:02:34 | Received: 联系客服
2026-07-21 18:02:37 | Received: 能量租赁
2026-07-21 18:02:39 | Received: 飞机号发卡网
2026-07-21 18:02:42 | Received: 能量租赁
